# Frozen reason-code vocabulary (L1). Additions require editing this file.
# Removals and renames without a golden edit FAIL the golden-lock test.
ACCEPTED
ADVISORY
BUNDLE_INCOMPLETE
DENY_HIGH_RISK
EVIDENCE_MISMATCH
HASH_MISMATCH
JOURNAL_INTEGRITY_FAILED
MISSING_EVIDENCE
OK
POLICY_EMPTY
POLICY_NOT_FROZEN
QUARANTINE_LOW_RISK
REJECTED
REPLAY_MISMATCH
RULE_CONDITION_FAILED
SIGNATURE_INVALID
TRUST_ROOT_MISSING
